Parsed program: 


int main()
{
int x;
string s;
s = "coala";
x = 5;
print(x);
return x;
}
