; ModuleID = 'MicroC'
source_filename = "MicroC"

@fmt = private unnamed_addr constant [4 x i8] c"%d\0A\00", align 1

declare i32 @printf(i8*, ...)

define void @main() {
entry:
  %x = alloca i32, align 4
  store i32 1, i32* %x, align 4
  %x1 = load i32, i32* %x, align 4
  %printf = call i32 (i8*, ...) @printf(i8* getelementptr inbounds ([4 x i8], [4 x i8]* @fmt, i32 0, i32 0), i32 %x1)
  ret void
}
